============================================================
🔍 DEBUG TEST - Simple Task with Maximum Logging
============================================================
Backend: ws://localhost:8002/ws/chat
Workspace: /Users/dominikfoert/TestApps/debug_test
============================================================
✅ Workspace created: /Users/dominikfoert/TestApps/debug_test

🔌 Connecting to ws://localhost:8002/ws/chat...
✅ Connected to WebSocket

📤 Sending init message: {
  "type": "init",
  "workspace_path": "/Users/dominikfoert/TestApps/debug_test"
}

⏳ Waiting for init response (5s timeout)...
📥 Init response: {
  "type": "connected",
  "message": "Connected to KI AutoAgent v7.0.0-alpha-supervisor - Supervisor Pattern",
  "session_id": "ec80dc4c-9e94-407f-a15a-9615c0fcf977",
  "client_id": "client_9d0187c6",
  "version": "7.0.0-alpha",
  "release_tag": "v7.0.0-alpha-supervisor",
  "architecture": "supervisor_pattern",
  "requires_init": true
}

========================================
📋 SENDING SIMPLE TASK
========================================
Task: Write a simple Python function that adds two numbers together.
Include a docstring and type hints.

📤 Sending task message: {
  "type": "task",
  "task": "Write a simple Python function that adds two numbers together.\nInclude a docstring and type hints."
}

========================================
📥 MONITORING MESSAGES (2s timeouts)
========================================

[0.0s] Message #1:
  Type: initialized
  Full data: {
  "type": "initialized",
  "session_id": "ec80dc4c-9e94-407f-a15a-9615c0fcf977",
  "workspace_path": "/Users/dominikfoert/TestApps/debug_test",
  "message": "v7.0 Supervisor workflow ready!",
  "architecture": "supervisor_pattern",
  "agents_available": [
    "supervisor",
    "research",
    "architect",
    "codesmith",
    "reviewfix",
    "responder",
    "hitl"
  ]
}...

[0.0s] Message #2:
  Type: status
  Full data: {
  "type": "status",
  "status": "analyzing",
  "message": "\ud83c\udfaf Supervisor analyzing request..."
}...

[0.0s] Message #3:
  Type: error
  Full data: {
  "type": "error",
  "message": "Workflow execution failed: cannot import name 'execute_supervisor_workflow_streaming' from 'workflow_v7_supervisor' (/Users/dominikfoert/git/KI_AutoAgent/backend/workflow_v7_supervisor.py)",
  "error": "cannot import name 'execute_supervisor_workflow_streaming' from 'workflow_v7_supervisor' (/Users/dominikfoert/git/KI_AutoAgent/backend/workflow_v7_supervisor.py)",
  "error_type": "ImportError",
  "query": "Write a simple Python function that adds two numbers to...

❌ ERROR: cannot import name 'execute_supervisor_workflow_streaming' from 'workflow_v7_supervisor' (/Users/dominikfoert/git/KI_AutoAgent/backend/workflow_v7_supervisor.py)

🔌 Connection closed

============================================================
📊 DEBUG SUMMARY
============================================================
Total time: 0.00s
Messages received: 3

All message types received:
  initialized: 1 times at ['0.0s']
  status: 1 times at ['0.0s']
  error: 1 times at ['0.0s']
